// Jest Snapshot v1, https://goo.gl/fbAQLP

exports[`renders null if id in video component not specified 1`] = `""`;

exports[`renders video component correctly 1`] = `
<div
  className="video-container"
>
  <div
    className="video"
  >
    <iframe
      allow="autoplay; encrypted-media;"
      allowFullScreen={true}
      frameBorder="0"
      height="100%"
      src="https://player.vimeo.com/video/12345?autoplay=1"
      width="100%"
    />
  </div>
</div>
`;
