// Jest Snapshot v1, https://goo.gl/fbAQLP

exports[`Charity renders 1`] = `
<div
  className="charity-detail-grid"
>
  <Video
    className="video"
    id="396392696"
    title="breast friends"
  />
  <CharityMetadata
    className="metadata"
  />
  <CharityInfoBox
    className="charity-info-box"
  />
  <RelatedCharities
    className="related-charities"
  />
</div>
`;
