// Jest Snapshot v1, https://goo.gl/fbAQLP

exports[`CharityInfoBox renders 1`] = `
<div
  className="box"
>
  <Image
    as="img"
    circular={true}
    className="image"
    ui={true}
  />
  <div
    className="info"
  >
    <div
      className="charity-name"
    />
    <span>
      80k followers
    </span>
  </div>
  <Button
    as="button"
    className="follow"
    color="orange"
  >
    Follow
  </Button>
  <div
    className="description"
  >
    <p />
  </div>
</div>
`;
