// Jest Snapshot v1, https://goo.gl/fbAQLP

exports[`CharityDonateBox renders 1`] = `
<div
  className="box"
>
  <div
    className="header"
  >
    <p>
      Donate now
    </p>
  </div>
  <div
    className="content"
  >
    <Grid>
      <div
        className="equal width row"
      >
        <div
          className="ten wide column"
        >
          <h3
            className="ui header"
          >
            <div
              className="content"
            >
              Donate to undefined
            </div>
          </h3>
        </div>
        <div
          className="six wide column"
        >
          <DonateModal
            button={
              <Button
                as="button"
                className="donate ui right floated"
                color="orange"
              >
                Donate
              </Button>
            }
            charity={Object {}}
          />
        </div>
      </div>
    </Grid>
    <h3>
      Total raised: $0
    </h3>
  </div>
</div>
`;
