// Jest Snapshot v1, https://goo.gl/fbAQLP

exports[`CharityPreview renders horizontally 1`] = `
<Card
  extra={
    <React.Fragment>
      <DonateModal
        button={
          <Button
            as="button"
            className="mini compact ui orange basic smaller"
          >
            <Icon
              as="i"
              name="heart outline"
            />
            Donate
          </Button>
        }
      />
      <a
        href="www.google.ca"
        style={
          Object {
            "color": "#ff8000",
            "paddingLeft": 10,
          }
        }
      >
        <Icon
          as="i"
          color="orange"
          name="star outline"
        />
        Follow
      </a>
      <a
        href="www.google.ca"
        style={
          Object {
            "color": "#ff8000",
            "paddingLeft": 10,
          }
        }
      >
        <Icon
          as="i"
          color="orange"
          name="share"
        />
        Share
      </a>
    </React.Fragment>
  }
  header={
    <Link
      href="/charity/"
    >
      <a
        style={
          Object {
            "color": "black",
          }
        }
      >
        
      </a>
    </Link>
  }
  image={
    <Link
      href="/charity/"
    >
      <a>
        <Image
          as="img"
          src=""
          ui={true}
        />
      </a>
    </Link>
  }
  meta="
January 01, 1970"
/>
`;

exports[`CharityPreview renders vertically 1`] = `
<Card
  extra={
    <React.Fragment>
      <DonateModal
        button={
          <Button
            as="button"
            className="mini compact ui orange basic smaller"
          >
            <Icon
              as="i"
              name="heart outline"
            />
            Donate
          </Button>
        }
      />
      <a
        href="www.google.ca"
        style={
          Object {
            "color": "#ff8000",
            "paddingLeft": 10,
          }
        }
      >
        <Icon
          as="i"
          color="orange"
          name="star outline"
        />
        Follow
      </a>
      <a
        href="www.google.ca"
        style={
          Object {
            "color": "#ff8000",
            "paddingLeft": 10,
          }
        }
      >
        <Icon
          as="i"
          color="orange"
          name="share"
        />
        Share
      </a>
    </React.Fragment>
  }
  header={
    <Link
      href="/charity/"
    >
      <a
        style={
          Object {
            "color": "black",
          }
        }
      >
        
      </a>
    </Link>
  }
  image={
    <Link
      href="/charity/"
    >
      <a>
        <Image
          as="img"
          src=""
          ui={true}
        />
      </a>
    </Link>
  }
  meta="
January 01, 1970"
/>
`;
