// Jest Snapshot v1, https://goo.gl/fbAQLP

exports[`renders HeaderNav 1`] = `
<Menu
  borderless={true}
  className="top-menu"
  fixed="top"
>
  <MenuItem
    className="logo"
    header={true}
  >
    <Link
      href="/"
    >
      <a>
        <Image
          as="img"
          size="tiny"
          src="/assets/logo.png"
          ui={true}
        />
      </a>
    </Link>
  </MenuItem>
  <MenuMenu
    className="container"
  >
    <MenuItem
      className="input"
    >
      <Form
        as="form"
      >
        <FormField>
          <Input
            action="Go"
            placeholder="Search"
            size="small"
            type="text"
          />
        </FormField>
      </Form>
    </MenuItem>
  </MenuMenu>
  <MenuMenu
    position="right"
  >
    <MenuItem
      name="features"
    >
      Features
    </MenuItem>
    <MenuItem
      name="services"
    >
      Services
    </MenuItem>
    <MenuItem
      name="donations"
    >
      Raise Donations
    </MenuItem>
    <MenuItem
      name="avatar"
    >
      <Link
        href="/signin"
      >
        <a>
          Signin
        </a>
      </Link>
    </MenuItem>
  </MenuMenu>
</Menu>
`;
